#-----------------------------------------------------------
# Vivado v2018.2 (64-bit)
# SW Build 2258646 on Thu Jun 14 20:03:12 MDT 2018
# IP Build 2256618 on Thu Jun 14 22:10:49 MDT 2018
# Start of session at: Mon Aug  1 23:19:44 2022
# Process ID: 25836
# Current directory: D:/MASTER_2021/ADVANCED_VLSI/Verilog_Programs/SERVO_CONTROL/Servo_Controller_Verilog/SERVO_ZYNQ_ZYBO/SERVO_CONTROL
# Command line: vivado.exe -gui_launcher_event rodinguilauncherevent36844 D:\MASTER_2021\ADVANCED_VLSI\Verilog_Programs\SERVO_CONTROL\Servo_Controller_Verilog\SERVO_ZYNQ_ZYBO\SERVO_CONTROL\SERVO_CONTROL.xpr
# Log file: D:/MASTER_2021/ADVANCED_VLSI/Verilog_Programs/SERVO_CONTROL/Servo_Controller_Verilog/SERVO_ZYNQ_ZYBO/SERVO_CONTROL/vivado.log
# Journal file: D:/MASTER_2021/ADVANCED_VLSI/Verilog_Programs/SERVO_CONTROL/Servo_Controller_Verilog/SERVO_ZYNQ_ZYBO/SERVO_CONTROL\vivado.jou
#-----------------------------------------------------------
start_gui
open_project D:/MASTER_2021/ADVANCED_VLSI/Verilog_Programs/SERVO_CONTROL/Servo_Controller_Verilog/SERVO_ZYNQ_ZYBO/SERVO_CONTROL/SERVO_CONTROL.xpr
update_compile_order -fileset sources_1
reset_run synth_1
launch_runs synth_1 -jobs 8
wait_on_run synth_1
launch_runs impl_1 -jobs 8
wait_on_run impl_1
open_run impl_1
